genericPojo=[
java.io.IOException
java.lang.String
java.util.List

public static final class Builder2<T extends List<String>, S> {
  private final Builder<T, S> builder;

  private Builder2(Builder<T, S> builder) {
    this.builder = builder;
  }

  public OptBuilder0<T, S> andAllOptionals() {
    return new OptBuilder0<>(builder);
  }

  public Builder<T, S> andOptionals() {
    return builder;
  }

  public Customer<T, S> build() throws IOException {
    return builder.build();
  }

  /**
   * Creates a new instance of {@link CustomerBuilder} where it is guaranteed that
   * all required fields are already set.
   */
  public CustomerBuilder<T, S> toBuilder() {
    return builder.toBuilder();
  }
}
]


samplePojo=[
java.io.IOException

public static final class Builder2 {
  private final Builder builder;

  private Builder2(Builder builder) {
    this.builder = builder;
  }

  public OptBuilder0 andAllOptionals() {
    return new OptBuilder0(builder);
  }

  public Builder andOptionals() {
    return builder;
  }

  public Customer build() throws IOException {
    return builder.build();
  }

  /**
   * Creates a new instance of {@link CustomerBuilder} where it is guaranteed that
   * all required fields are already set.
   */
  public CustomerBuilder toBuilder() {
    return builder.toBuilder();
  }
}
]