factoryMethodSample=[
io.github.muehmar.exception.SomeException

public static final class OptBuilder1 {
  private final Builder builder;

  private OptBuilder1(Builder builder) {
    this.builder = builder;
  }

  public io.github.muehmar.Customer build() throws SomeException {
    return builder.build();
  }

  /**
   * Creates a new instance of {@link CustomerBuilder} where it is guaranteed that
   * all required fields are already set.
   */
  public CustomerBuilder toBuilder() {
    return builder.toBuilder();
  }
}
]


genericPojo=[
java.io.IOException
java.lang.String
java.util.List

public static final class OptBuilder1<T extends List<String>, S> {
  private final Builder<T, S> builder;

  private OptBuilder1(Builder<T, S> builder) {
    this.builder = builder;
  }

  public Customer<T, S> build() throws IOException {
    return builder.build();
  }

  /**
   * Creates a new instance of {@link CustomerBuilder} where it is guaranteed that
   * all required fields are already set.
   */
  public CustomerBuilder<T, S> toBuilder() {
    return builder.toBuilder();
  }
}
]


samplePojo=[
java.io.IOException

public static final class OptBuilder1 {
  private final Builder builder;

  private OptBuilder1(Builder builder) {
    this.builder = builder;
  }

  public Customer build() throws IOException {
    return builder.build();
  }

  /**
   * Creates a new instance of {@link CustomerBuilder} where it is guaranteed that
   * all required fields are already set.
   */
  public CustomerBuilder toBuilder() {
    return builder.toBuilder();
  }
}
]