genericSample=[
final Customer<T, S> instance =
    new Customer<T, S>(id, data, additionalData);
return instance;
]


genericSampleAndBuildMethod=[
final Customer<T, S> instance =
    new Customer<T, S>(id, data, additionalData);
return Customer.customBuildMethod(instance);
]


sample=[
final Customer instance =
    new Customer(id, username, nickname);
return instance;
]


sampleAndConstructorWithOptionalArgument=[
java.util.Optional

final Customer instance =
    new Customer(id, username, Optional.ofNullable(nickname));
return instance;
]


sampleWithFactoryMethod=[
java.util.Optional

return Pojos.Customer.create(id, username, Optional.ofNullable(nickname));
]