builderSetMethodePrefix=[
java.lang.Integer
java.util.Optional

public Builder setId(Integer id) {
  this.id = id;
  return this;
}

public Builder setId(Optional<Integer> id) {
  this.id = id.orElse(null);
  return this;
}

]


fieldOfGenericClass=[
java.lang.Integer
java.util.Optional

public Builder<T, S> id(Integer id) {
  this.id = id;
  return this;
}

public Builder<T, S> id(Optional<Integer> id) {
  this.id = id.orElse(null);
  return this;
}

]


genericClass=[
java.lang.Integer
java.util.Optional

public Builder<T, S> id(Integer id) {
  this.id = id;
  return this;
}

public Builder<T, S> id(Optional<Integer> id) {
  this.id = id.orElse(null);
  return this;
}

]


optionalField=[
java.lang.Integer
java.util.Optional

public Builder id(Integer id) {
  this.id = id;
  return this;
}

public Builder id(Optional<Integer> id) {
  this.id = id.orElse(null);
  return this;
}

]


requiredField=[
java.lang.Integer

private Builder id(Integer id) {
  this.id = id;
  return this;
}

]


requiredFieldAndPublicModifier=[
java.lang.Integer

public Builder id(Integer id) {
  this.id = id;
  return this;
}

]